ASxxxx Linker V03.00/V05.40 + sdld,  page 1.
Hexadecimal  [32-Bits]

Area                                    Addr        Size        Decimal Bytes (Attributes)
--------------------------------        ----        ----        ------- ----- ------------
.  .ABS.                            00000000    00000000 =           0. bytes (ABS,CON)

      Value  Global                              Global Defined In Module
      -----  --------------------------------   ------------------------
     00000000  .__.ABS.                           
     00000000  _rRAMG                             
     00000000  l__BASE                         
     00000000  l__BSS                          
     00000000  l__CABS                         
     00000000  l__CODE_0                       
     00000000  l__CRASH_HEADER                 
     00000000  l__CRASH_SCRATCH                
     00000000  l__DABS                         
     00000000  l__HEADER                       
     00000000  l__HEADER_LCD                   
     00000000  l__HEADER_SIO                   
     00000000  l__HEADER_TIMER                 
     00000000  l__HEAP                         
     00000000  l__HEAP_END                     
     00000000  l__HRAM                         
     00000000  l__LIT                          
     00000000  s__CABS                         
     00000000  s__CRASH_HEADER                 
     00000000  s__CRASH_HEADER0                
     00000000  s__CRASH_HEADER1                
     00000000  s__CRASH_SCRATCH                
     00000000  s__CRASH_SCRATCH2               
     00000000  s__DABS                         
     00000000  s__HEADER                       
     00000000  s__HEADER0                      
     00000000  s__HEADER1                      
     00000000  s__HEADER10                     
     00000000  s__HEADER11                     
     00000000  s__HEADER2                      
     00000000  s__HEADER3                      
     00000000  s__HEADER4                      
     00000000  s__HEADER5                      
     00000000  s__HEADER6                      
     00000000  s__HEADER7                      
     00000000  s__HEADER8                      
     00000000  s__HEADER9                      
     00000000  s__HEADER_LCD                   
     00000000  s__HEADER_LCD0                  
     00000000  s__HEADER_SIO                   
     00000000  s__HEADER_SIO0                  
     00000000  s__HEADER_TIMER                 
     00000000  s__HEADER_TIMER0                
     00000000  s__HEADERa                      
     00000000  s__HEADERb                      
     00000000  s__HEADERc                      
     00000000  s__HEADERd                      
     00000000  s__HEADERe                      
     00000000  s__HEADERf                      
     00000000  s__HRAM                         
ASxxxx Linker V03.00/V05.40 + sdld,  page 2.
Hexadecimal  [32-Bits]

Area                                    Addr        Size        Decimal Bytes (Attributes)
--------------------------------        ----        ----        ------- ----- ------------
.  .ABS.                            00000000    00000000 =           0. bytes (ABS,CON)

      Value  Global                              Global Defined In Module
      -----  --------------------------------   ------------------------
     00000000  s__HRAM12                       
     00000001  ___bank_ACTOR                      actor
     00000001  ___bank_VM_MUSIC                   vm_music
     00000001  ___bank_VM_SGB                     vm_sgb
     00000001  ___bank_scene_cave_sprites         scene_cave_sprites
     00000001  b_activate_actor                   actor
     00000001  b_activate_actors_in_col           actor
     00000001  b_activate_actors_in_row           actor
     00000001  b_actor_at_tile                    actor
     00000001  b_actor_get_frame_offset           actor
     00000001  b_actor_in_front_of_player         actor
     00000001  b_actor_overlapping_bb             actor
     00000001  b_actor_overlapping_player         actor
     00000001  b_actor_set_anim_idle              actor
     00000001  b_actor_set_anim_moving            actor
     00000001  b_actor_set_dir                    actor
     00000001  b_actor_set_frame_offset           actor
     00000001  b_actor_set_frames                 actor
     00000001  b_actors_handle_player_collision   actor
     00000001  b_actors_init                      actor
     00000001  b_check_collision_in_direction     actor
     00000001  b_deactivate_actor                 actor
     00000001  b_platform_init                    platform
     00000001  b_platform_update                  platform
     00000001  b_player_init                      actor
     00000001  b_shmup_init                       shmup
     00000001  b_shmup_update                     shmup
     00000001  b_ui_draw_frame                    ui
     00000001  b_ui_draw_text_buffer_char         ui
     00000001  b_ui_init                          ui
     00000001  b_ui_load_tiles                    ui
     00000001  b_ui_run_menu                      ui
     00000001  b_ui_run_modal                     ui
     00000001  b_ui_set_start_tile                ui
     00000001  b_vm_music_mute                    vm_music
     00000001  b_vm_music_play                    vm_music
     00000001  b_vm_music_routine                 vm_music
     00000001  b_vm_music_setpos                  vm_music
     00000001  b_vm_music_stop                    vm_music
     00000001  b_vm_sfx_play                      vm_music
     00000001  b_vm_sound_mastervol               vm_music
     00000001  l__GSFINAL                      
     00000001  l__HEADER0                      
     00000001  l__HEADER5                      
     00000001  l__HEADERa                      
     00000001  l__HEADERb                      
     00000001  l__HEADERc                      
     00000001  l__HEADERe                      
     00000001  l__HEADERf                      
     00000002  ___bank_VM_ACTOR                   vm_actor
     00000002  ___bank_VM_MAIN                    vm
ASxxxx Linker V03.00/V05.40 + sdld,  page 3.
Hexadecimal  [32-Bits]

Area                                    Addr        Size        Decimal Bytes (Attributes)
--------------------------------        ----        ----        ------- ----- ------------
.  .ABS.                            00000000    00000000 =           0. bytes (ABS,CON)

      Value  Global                              Global Defined In Module
      -----  --------------------------------   ------------------------
     00000002  ___bank_VM_MATH                    vm_math
     00000002  ___bank_bg_logo_tileset            bg_logo_tileset
     00000002  ___bank_scene_outside_sprites      scene_outside_sprites
     00000002  ___bank_song_rulz_gonaspace_Data   song_rulz_gonaspace_Data
     00000002  b_script_detach_hthread            vm
     00000002  b_script_execute                   vm
     00000002  b_script_runner_init               vm
     00000002  b_script_terminate                 vm
     00000002  b_vm_actor_activate                vm_actor
     00000002  b_vm_actor_begin_update            vm_actor
     00000002  b_vm_actor_deactivate              vm_actor
     00000002  b_vm_actor_emote                   vm_actor
     00000002  b_vm_actor_get_angle               vm_actor
     00000002  b_vm_actor_get_anim_frame          vm_actor
     00000002  b_vm_actor_get_dir                 vm_actor
     00000002  b_vm_actor_get_pos                 vm_actor
     00000002  b_vm_actor_move_cancel             vm_actor
     00000002  b_vm_actor_move_to                 vm_actor
     00000002  b_vm_actor_replace_tile            vm_actor
     00000002  b_vm_actor_set_anim                vm_actor
     00000002  b_vm_actor_set_anim_frame          vm_actor
     00000002  b_vm_actor_set_anim_set            vm_actor
     00000002  b_vm_actor_set_anim_tick           vm_actor
     00000002  b_vm_actor_set_bounds              vm_actor
     00000002  b_vm_actor_set_dir                 vm_actor
     00000002  b_vm_actor_set_flags               vm_actor
     00000002  b_vm_actor_set_move_speed          vm_actor
     00000002  b_vm_actor_set_pos                 vm_actor
     00000002  b_vm_actor_set_spritesheet         vm_actor
     00000002  b_vm_actor_set_spritesheet_by_re   vm_actor
     00000002  b_vm_actor_terminate_update        vm_actor
     00000002  b_vm_call                          vm
     00000002  b_vm_call_far                      vm
     00000002  b_vm_cos_scale                     vm_math
     00000002  b_vm_get_indirect                  vm
     00000002  b_vm_get_int16                     vm
     00000002  b_vm_get_int8                      vm
     00000002  b_vm_get_tlocal                    vm
     00000002  b_vm_get_uint8                     vm
     00000002  b_vm_idle                          vm
     00000002  b_vm_if                            vm
     00000002  b_vm_if_const                      vm
     00000002  b_vm_init_rng                      vm
     00000002  b_vm_invoke                        vm
     00000002  b_vm_join                          vm
     00000002  b_vm_jump                          vm
     00000002  b_vm_lock                          vm
     00000002  b_vm_loop                          vm
     00000002  b_vm_memcpy                        vm
     00000002  b_vm_memset                        vm
     00000002  b_vm_poll_loaded                   vm
ASxxxx Linker V03.00/V05.40 + sdld,  page 4.
Hexadecimal  [32-Bits]

Area                                    Addr        Size        Decimal Bytes (Attributes)
--------------------------------        ----        ----        ------- ----- ------------
.  .ABS.                            00000000    00000000 =           0. bytes (ABS,CON)

      Value  Global                              Global Defined In Module
      -----  --------------------------------   ------------------------
     00000002  b_vm_pop                           vm
     00000002  b_vm_push                          vm
     00000002  b_vm_push_reference                vm
     00000002  b_vm_push_value                    vm
     00000002  b_vm_push_value_ind                vm
     00000002  b_vm_raise                         vm
     00000002  b_vm_rand                          vm
     00000002  b_vm_reserve                       vm
     00000002  b_vm_ret                           vm
     00000002  b_vm_ret_far                       vm
     00000002  b_vm_set                           vm
     00000002  b_vm_set_const                     vm
     00000002  b_vm_set_const_int16               vm
     00000002  b_vm_set_const_int8                vm
     00000002  b_vm_set_indirect                  vm
     00000002  b_vm_set_int16                     vm
     00000002  b_vm_set_int8                      vm
     00000002  b_vm_set_uint8                     vm
     00000002  b_vm_sin_scale                     vm_math
     00000002  b_vm_terminate                     vm
     00000002  b_vm_test_terminate                vm
     00000002  b_vm_unlock                        vm
     00000002  b_wait_frames                      vm
     00000002  l__HEADER10                     
     00000002  l__HEADER6                      
     00000002  l__HEADERd                      
     00000003  ___bank_VM_GAMEBOY                 vm_gameboy
     00000003  ___bank_VM_UI                      vm_ui
     00000003  ___bank_bg_menu_tileset            bg_menu_tileset
     00000003  ___bank_bg_titlescreen_tileset     bg_titlescreen_tileset
     00000003  ___bank_bootstrap_script           
     00000003  ___bank_font_gbs_mono              font_gbs_mono
     00000003  b_adventure_init                   adventure
     00000003  b_adventure_update                 adventure
     00000003  b_do_load_palette                  data_manager
     00000003  b_load_background                  data_manager
     00000003  b_load_bkg_tileset                 data_manager
     00000003  b_load_bounds                      data_manager
     00000003  b_load_emote                       data_manager
     00000003  b_load_init                        data_manager
     00000003  b_load_player                      data_manager
     00000003  b_load_scene                       data_manager
     00000003  b_load_sprite                      data_manager
     00000003  b_scroll_init                      scroll
     00000003  b_scroll_repaint                   scroll
     00000003  b_scroll_reset                     scroll
     00000003  b_scroll_update                    scroll
     00000003  b_topdown_init                     topdown
     00000003  b_topdown_update                   topdown
     00000003  b_vm_choice                        vm_ui
     00000003  b_vm_context_prepare               vm_gameboy
ASxxxx Linker V03.00/V05.40 + sdld,  page 5.
Hexadecimal  [32-Bits]

Area                                    Addr        Size        Decimal Bytes (Attributes)
--------------------------------        ----        ----        ------- ----- ------------
.  .ABS.                            00000000    00000000 =           0. bytes (ABS,CON)

      Value  Global                              Global Defined In Module
      -----  --------------------------------   ------------------------
     00000003  b_vm_display_text                  vm_ui
     00000003  b_vm_fade                          vm_gameboy
     00000003  b_vm_get_tile_xy                   vm_gameboy
     00000003  b_vm_input_attach                  vm_gameboy
     00000003  b_vm_input_detach                  vm_gameboy
     00000003  b_vm_input_get                     vm_gameboy
     00000003  b_vm_input_wait                    vm_gameboy
     00000003  b_vm_load_tiles                    vm_gameboy
     00000003  b_vm_load_tileset                  vm_gameboy
     00000003  b_vm_overlay_clear                 vm_ui
     00000003  b_vm_overlay_move_to               vm_ui
     00000003  b_vm_overlay_scroll                vm_ui
     00000003  b_vm_overlay_set_map               vm_ui
     00000003  b_vm_overlay_set_scroll            vm_ui
     00000003  b_vm_overlay_set_submap            vm_ui
     00000003  b_vm_overlay_set_submap_ex         vm_ui
     00000003  b_vm_overlay_setpos                vm_ui
     00000003  b_vm_overlay_show                  vm_ui
     00000003  b_vm_overlay_wait                  vm_ui
     00000003  b_vm_poll                          vm_gameboy
     00000003  b_vm_replace_tile                  vm_gameboy
     00000003  b_vm_replace_tile_xy               vm_gameboy
     00000003  b_vm_rumble                        vm_gameboy
     00000003  b_vm_set_font                      vm_ui
     00000003  b_vm_set_sprite_mode               vm_gameboy
     00000003  b_vm_set_sprites_visible           vm_gameboy
     00000003  b_vm_set_text_sound                vm_ui
     00000003  b_vm_switch_text_layer             vm_ui
     00000003  b_vm_timer_prepare                 vm_gameboy
     00000003  b_vm_timer_reset                   vm_gameboy
     00000003  b_vm_timer_set                     vm_gameboy
     00000003  b_vm_timer_stop                    vm_gameboy
     00000003  l__HEADER9                      
     00000003  l__HEADER_LCD0                  
     00000003  l__HRAM12                       
     00000004  ___bank_VM_CAMERA                  vm_camera
     00000004  ___bank_VM_PALETTE                 vm_palette
     00000004  ___bank_VM_SIO                     vm_sio
     00000004  ___bank_bg_outside_tilemap         bg_outside_tilemap
     00000004  ___bank_bg_outside_tileset         bg_outside_tileset
     00000004  ___bank_bg_stars_tilemap           bg_stars_tilemap
     00000004  ___bank_bg_underground_tilemap     bg_underground_tilemap
     00000004  ___bank_scene_outside_collisions   scene_outside_collisions
     00000004  ___bank_scene_stars_collisions     scene_stars_collisions
     00000004  ___bank_scene_underground_collis   scene_underground_collisions
     00000004  ___bank_script_init_menu           script_init_menu
     00000004  __start_save                    
     00000004  b___HandleCrash_banked             
     00000004  b_atan2                            math_atan2
     00000004  b_camera_shake_frames              vm_camera
     00000004  b_core_reset                       core
ASxxxx Linker V03.00/V05.40 + sdld,  page 6.
Hexadecimal  [32-Bits]

Area                                    Addr        Size        Decimal Bytes (Attributes)
--------------------------------        ----        ----        ------- ----- ------------
.  .ABS.                            00000000    00000000 =           0. bytes (ABS,CON)

      Value  Global                              Global Defined In Module
      -----  --------------------------------   ------------------------
     00000004  b_core_run                         core
     00000004  b_data_clear                       load_save
     00000004  b_data_init                        load_save
     00000004  b_data_load                        load_save
     00000004  b_data_peek                        load_save
     00000004  b_data_save                        load_save
     00000004  b_gbprinter_detect                 gbprinter
     00000004  b_gbprinter_print_overlay          gbprinter
     00000004  b_pointnclick_init                 pointnclick
     00000004  b_pointnclick_update               pointnclick
     00000004  b_projectile_launch                projectiles
     00000004  b_projectiles_init                 projectiles
     00000004  b_trigger_activate_at              trigger
     00000004  b_trigger_activate_at_intersecti   trigger
     00000004  b_trigger_at_intersection          trigger
     00000004  b_trigger_at_tile                  trigger
     00000004  b_trigger_interact                 trigger
     00000004  b_trigger_reset                    trigger
     00000004  b_vm_camera_move_to                vm_camera
     00000004  b_vm_camera_set_pos                vm_camera
     00000004  b_vm_load_palette                  vm_palette
     00000004  b_vm_sio_exchange                  vm_sio
     00000004  b_vm_sio_set_mode                  vm_sio
     00000004  l__CRASH_HEADER1                
     00000004  l__HEADER_SIO0                  
     00000004  l__HEADER_TIMER0                
     00000005  ___bank_VM_GBPRINTER               vm_gbprinter
     00000005  ___bank_VM_LOAD_SAVE               vm_load_save
     00000005  ___bank_VM_PROJECTILE              vm_projectiles
     00000005  ___bank_VM_RTC                     vm_rtc
     00000005  ___bank_VM_SCENE                   vm_scene
     00000005  ___bank_actor_0_interact           actor_0_interact
     00000005  ___bank_actor_12_interact          actor_12_interact
     00000005  ___bank_actor_13_interact          actor_13_interact
     00000005  ___bank_actor_14_interact          actor_14_interact
     00000005  ___bank_actor_15_interact          actor_15_interact
     00000005  ___bank_actor_16_interact          actor_16_interact
     00000005  ___bank_actor_17_interact          actor_17_interact
     00000005  ___bank_actor_18_interact          actor_18_interact
     00000005  ___bank_actor_3_interact           actor_3_interact
     00000005  ___bank_actor_3_update             actor_3_update
     00000005  ___bank_actor_5_interact           actor_5_interact
     00000005  ___bank_actor_6_interact           actor_6_interact
     00000005  ___bank_actor_9_interact           actor_9_interact
     00000005  ___bank_actor_ice_block_interact   actor_ice_block_interact
     00000005  ___bank_actor_rock_1_interact      actor_rock_1_interact
     00000005  ___bank_actor_rock_2_interact      actor_rock_2_interact
     00000005  ___bank_actor_rock_3_interact      actor_rock_3_interact
     00000005  ___bank_bg_cave_tilemap            bg_cave_tilemap
     00000005  ___bank_bg_cave_tileset            bg_cave_tileset
     00000005  ___bank_bg_house_tilemap           bg_house_tilemap
ASxxxx Linker V03.00/V05.40 + sdld,  page 7.
Hexadecimal  [32-Bits]

Area                                    Addr        Size        Decimal Bytes (Attributes)
--------------------------------        ----        ----        ------- ----- ------------
.  .ABS.                            00000000    00000000 =           0. bytes (ABS,CON)

      Value  Global                              Global Defined In Module
      -----  --------------------------------   ------------------------
     00000005  ___bank_bg_house_tileset           bg_house_tileset
     00000005  ___bank_bg_logo_tilemap            bg_logo_tilemap
     00000005  ___bank_bg_menu_tilemap            bg_menu_tilemap
     00000005  ___bank_bg_stars_tileset           bg_stars_tileset
     00000005  ___bank_bg_titlescreen_tilemap     bg_titlescreen_tilemap
     00000005  ___bank_bg_underground_tileset     bg_underground_tileset
     00000005  ___bank_emote_pause                emote_pause
     00000005  ___bank_frame_image                frame_image
     00000005  ___bank_scene_cave                 scene_cave
     00000005  ___bank_scene_cave_actors          scene_cave_actors
     00000005  ___bank_scene_cave_collisions      scene_cave_collisions
     00000005  ___bank_scene_house                scene_house
     00000005  ___bank_scene_house_actors         scene_house_actors
     00000005  ___bank_scene_house_collisions     scene_house_collisions
     00000005  ___bank_scene_logo                 scene_logo
     00000005  ___bank_scene_logo_collisions      scene_logo_collisions
     00000005  ___bank_scene_logo_init            scene_logo_init
     00000005  ___bank_scene_menu                 scene_menu
     00000005  ___bank_scene_menu_actors          scene_menu_actors
     00000005  ___bank_scene_menu_collisions      scene_menu_collisions
     00000005  ___bank_scene_menu_init            scene_menu_init
     00000005  ___bank_scene_outside              scene_outside
     00000005  ___bank_scene_outside_actors       scene_outside_actors
     00000005  ___bank_scene_stars                scene_stars
     00000005  ___bank_scene_stars_actors         scene_stars_actors
     00000005  ___bank_scene_title_screen         scene_title_screen
     00000005  ___bank_scene_title_screen_colli   scene_title_screen_collision
     00000005  ___bank_scene_title_screen_init    scene_title_screen_init
     00000005  ___bank_scene_underground          scene_underground
     00000005  ___bank_scene_underground_actors   scene_underground_actors
     00000005  ___bank_scene_underground_init     scene_underground_init
     00000005  ___bank_script_engine_init         
     00000005  ___bank_sprite_cat                 sprite_cat
     00000005  ___bank_sprite_cat_tileset         sprite_cat_tileset
     00000005  ___bank_sprite_checkbox            sprite_checkbox
     00000005  ___bank_sprite_checkbox_tileset    sprite_checkbox_tileset
     00000005  ___bank_sprite_dog                 sprite_dog
     00000005  ___bank_sprite_dog_tileset         sprite_dog_tileset
     00000005  ___bank_sprite_duck                sprite_duck
     00000005  ___bank_sprite_duck_tileset        sprite_duck_tileset
     00000005  ___bank_sprite_fire                sprite_fire
     00000005  ___bank_sprite_fire_tileset        sprite_fire_tileset
     00000005  ___bank_sprite_ice                 sprite_ice
     00000005  ___bank_sprite_ice_tileset         sprite_ice_tileset
     00000005  ___bank_sprite_npc001              sprite_npc001
     00000005  ___bank_sprite_npc001_tileset      sprite_npc001_tileset
     00000005  ___bank_sprite_npc002              sprite_npc002
     00000005  ___bank_sprite_npc002_tileset      sprite_npc002_tileset
     00000005  ___bank_sprite_npc003              sprite_npc003
     00000005  ___bank_sprite_npc003_tileset      sprite_npc003_tileset
     00000005  ___bank_sprite_player              sprite_player
ASxxxx Linker V03.00/V05.40 + sdld,  page 8.
Hexadecimal  [32-Bits]

Area                                    Addr        Size        Decimal Bytes (Attributes)
--------------------------------        ----        ----        ------- ----- ------------
.  .ABS.                            00000000    00000000 =           0. bytes (ABS,CON)

      Value  Global                              Global Defined In Module
      -----  --------------------------------   ------------------------
     00000005  ___bank_sprite_player_tileset      sprite_player_tileset
     00000005  ___bank_sprite_radio_tileset       sprite_radio_tileset
     00000005  ___bank_sprite_rock_tileset        sprite_rock_tileset
     00000005  ___bank_sprite_sage_tileset        sprite_sage_tileset
     00000005  ___bank_sprite_savepoint           sprite_savepoint
     00000005  ___bank_sprite_savepoint_tileset   sprite_savepoint_tileset
     00000005  ___bank_sprite_signpost_tileset    sprite_signpost_tileset
     00000005  ___bank_sprite_torch_tileset       sprite_torch_tileset
     00000005  b_SIO_init                         sio
     00000005  b_erase_flash                      
     00000005  b_events_init                      events
     00000005  b_fade_applypalettechange          fade_manager
     00000005  b_fade_in                          fade_manager
     00000005  b_fade_in_modal                    fade_manager
     00000005  b_fade_init                        fade_manager
     00000005  b_fade_out                         fade_manager
     00000005  b_fade_out_modal                   fade_manager
     00000005  b_fade_setspeed                    fade_manager
     00000005  b_fade_update                      fade_manager
     00000005  b_itoa_fmt                         vm_ui_a
     00000005  b_music_events_poll                music_manager
     00000005  b_music_init_driver                music_manager
     00000005  b_music_init_events                music_manager
     00000005  b_restore_sram                     flasher
     00000005  b_restore_sram_bank                flasher
     00000005  b_save_sram                        flasher
     00000005  b_save_sram_banks                  
     00000005  b_scroll_rect                      
     00000005  b_set_sgb_border                   sgb_border
     00000005  b_timers_init                      events
     00000005  b_vm_print_detect                  vm_gbprinter
     00000005  b_vm_print_overlay                 vm_gbprinter
     00000005  b_vm_projectile_launch             vm_projectiles
     00000005  b_vm_projectile_load_type          vm_projectiles
     00000005  b_vm_rtc_get                       vm_rtc
     00000005  b_vm_rtc_latch                     vm_rtc
     00000005  b_vm_rtc_set                       vm_rtc
     00000005  b_vm_rtc_start                     vm_rtc
     00000005  b_vm_save_clear                    vm_load_save
     00000005  b_vm_save_peek                     vm_load_save
     00000005  b_vm_scene_pop                     vm_scene
     00000005  b_vm_scene_pop_all                 vm_scene
     00000005  b_vm_scene_push                    vm_scene
     00000005  b_vm_scene_stack_reset             vm_scene
     00000005  l__CRASH_HEADER0                
     00000005  l__HEADER1                      
     00000006  ___bank_actor_1_interact           actor_1_interact
     00000006  ___bank_actor_4_interact           actor_4_interact
     00000006  ___bank_actor_radio_interact       actor_radio_interact
     00000006  ___bank_bg_cave                    bg_cave
     00000006  ___bank_bg_house                   bg_house
ASxxxx Linker V03.00/V05.40 + sdld,  page 9.
Hexadecimal  [32-Bits]

Area                                    Addr        Size        Decimal Bytes (Attributes)
--------------------------------        ----        ----        ------- ----- ------------
.  .ABS.                            00000000    00000000 =           0. bytes (ABS,CON)

      Value  Global                              Global Defined In Module
      -----  --------------------------------   ------------------------
     00000006  ___bank_bg_logo                    bg_logo
     00000006  ___bank_bg_menu                    bg_menu
     00000006  ___bank_bg_outside                 bg_outside
     00000006  ___bank_bg_stars                   bg_stars
     00000006  ___bank_bg_titlescreen             bg_titlescreen
     00000006  ___bank_bg_underground             bg_underground
     00000006  ___bank_cursor_image               cursor_image
     00000006  ___bank_palette_0                  palette_0
     00000006  ___bank_palette_1                  palette_1
     00000006  ___bank_scene_cave_init            scene_cave_init
     00000006  ___bank_scene_cave_triggers        scene_cave_triggers
     00000006  ___bank_scene_house_init           scene_house_init
     00000006  ___bank_scene_house_sprites        scene_house_sprites
     00000006  ___bank_scene_house_triggers       scene_house_triggers
     00000006  ___bank_scene_menu_sprites         scene_menu_sprites
     00000006  ___bank_scene_outside_init         scene_outside_init
     00000006  ___bank_scene_outside_triggers     scene_outside_triggers
     00000006  ___bank_scene_stars_init           scene_stars_init
     00000006  ___bank_scene_stars_sprites        scene_stars_sprites
     00000006  ___bank_scene_underground_sprite   scene_underground_sprites
     00000006  ___bank_scene_underground_trigge   scene_underground_triggers
     00000006  ___bank_script_input_0             script_input_0
     00000006  ___bank_sprite_radio               sprite_radio
     00000006  ___bank_sprite_rock                sprite_rock
     00000006  ___bank_sprite_sage                sprite_sage
     00000006  ___bank_sprite_signpost            sprite_signpost
     00000006  ___bank_sprite_torch               sprite_torch
     00000006  ___bank_spritesheet_none           spritesheet_none
     00000006  ___bank_trigger_0_interact         trigger_0_interact
     00000006  ___bank_trigger_1_interact         trigger_1_interact
     00000006  ___bank_trigger_2_interact         trigger_2_interact
     00000006  ___bank_trigger_3_interact         trigger_3_interact
     00000006  ___bank_trigger_4_interact         trigger_4_interact
     00000006  ___bank_trigger_5_interact         trigger_5_interact
     00000006  b_camera_init                      camera
     00000006  b_camera_reset                     camera
     00000006  b_input_init                       input
     00000006  b_logo_init                        logo
     00000006  b_logo_update                      logo
     00000006  b_palette_init                     palette
     00000006  b_parallax_init                    parallax
     00000006  b_remove_LCD_ISRs                  interrupts
     00000006  l__HEADER8                      
     00000007  l__HEADER2                      
     00000008  l__HEADER3                      
     0000001A  l__INITIALIZED                  
     0000001A  l__INITIALIZER                  
     00000027  l__GSINIT                       
     00000030  l__HEADER7                      
     00000060  l__HEADER4                      
     000000AB  l__HEADER11                     
ASxxxx Linker V03.00/V05.40 + sdld,  page 10.
Hexadecimal  [32-Bits]

Area                                    Addr        Size        Decimal Bytes (Attributes)
--------------------------------        ----        ----        ------- ----- ------------
.  .ABS.                            00000000    00000000 =           0. bytes (ABS,CON)

      Value  Global                              Global Defined In Module
      -----  --------------------------------   ------------------------
     000001CB  l__CRASH_SCRATCH2               
     00000200  s__CODE                         
     0000047B  l__CODE_6                       
     00000E5E  l__CODE                         
     0000105E  s__HOME                         
     00001992  l__DATA                         
     00002000  _rROMB0                            
     000029C5  l__HOME                         
     00003000  _rROMB1                            
     00003A23  s__BASE                         
     00003A23  s__CODE_0                       
     00003A23  s__INITIALIZER                  
     00003A23  s__LIT                          
     00003A3D  s__GSINIT                       
     00003A64  s__GSFINAL                      
     00003FFE  l__CODE_3                       
     00003FFE  l__CODE_5                       
     00003FFF  l__CODE_1                       
     00003FFF  l__CODE_2                       
     00004000  _RTC_SELECT_REG                    vm_rtc
     00004000  _rRAMB                             
     00004000  l__CODE_4                       
     00006000  _RTC_LATCH_REG                     vm_rtc
     00008000  __VRAM                             
     00008000  __VRAM8000                         
     00008800  __VRAM8800                         
     00009000  __VRAM9000                         
     00009800  __SCRN0                            
     00009C00  __SCRN1                            
     0000A000  _RTC_VALUE_REG                     vm_rtc
     0000A000  __SRAM                             
     0000C000  __RAM                              
     0000C000  _shadow_OAM                     
     0000C0A0  s__DATA                         
     0000D000  __RAMBANK                          
     0000DA32  s__BSS                          
     0000DA32  s__INITIALIZED                  
     0000DA4C  s__HEAP                         
     0000DA4C  s__HEAP_END                     
     0000DF00  .STACK                          
     0000DF00  _shadow_OAM2                       absolute
     0000DFA0  _BkgPalette                        absolute
     0000DFE0  _vwf_tile_data                     absolute
     0000FE00  __OAMRAM                           
     0000FF00  _P1_REG                            
     0000FF00  __IO                               
     0000FF01  _SB_REG                            
     0000FF02  _SC_REG                            
     0000FF04  _DIV_REG                           
     0000FF05  _TIMA_REG                          
     0000FF06  _TMA_REG                           
ASxxxx Linker V03.00/V05.40 + sdld,  page 11.
Hexadecimal  [32-Bits]

Area                                    Addr        Size        Decimal Bytes (Attributes)
--------------------------------        ----        ----        ------- ----- ------------
.  .ABS.                            00000000    00000000 =           0. bytes (ABS,CON)

      Value  Global                              Global Defined In Module
      -----  --------------------------------   ------------------------
     0000FF07  _TAC_REG                           
     0000FF0F  _IF_REG                            
     0000FF10  _NR10_REG                          
     0000FF11  _NR11_REG                          
     0000FF12  _NR12_REG                          
     0000FF13  _NR13_REG                          
     0000FF14  _NR14_REG                          
     0000FF16  _NR21_REG                          
     0000FF17  _NR22_REG                          
     0000FF18  _NR23_REG                          
     0000FF19  _NR24_REG                          
     0000FF1A  _NR30_REG                          
     0000FF1B  _NR31_REG                          
     0000FF1C  _NR32_REG                          
     0000FF1D  _NR33_REG                          
     0000FF1E  _NR34_REG                          
     0000FF20  _NR41_REG                          
     0000FF21  _NR42_REG                          
     0000FF22  _NR43_REG                          
     0000FF23  _NR44_REG                          
     0000FF24  _NR50_REG                          
     0000FF25  _NR51_REG                          
     0000FF26  _NR52_REG                          
     0000FF30  _AUD3WAVE                          
     0000FF30  _PCM_SAMPLE                        
     0000FF30  __AUD3WAVERAM                      
     0000FF40  _LCDC_REG                          
     0000FF41  _STAT_REG                          
     0000FF42  _SCY_REG                           
     0000FF43  _SCX_REG                           
     0000FF44  _LY_REG                            
     0000FF45  _LYC_REG                           
     0000FF46  _DMA_REG                           
     0000FF47  _BGP_REG                           
     0000FF48  _OBP0_REG                          
     0000FF49  _OBP1_REG                          
     0000FF4A  _WY_REG                            
     0000FF4B  _WX_REG                            
     0000FF4D  _KEY1_REG                          
     0000FF4F  _VBK_REG                           
     0000FF51  _HDMA1_REG                         
     0000FF52  _HDMA2_REG                         
     0000FF53  _HDMA3_REG                         
     0000FF54  _HDMA4_REG                         
     0000FF55  _HDMA5_REG                         
     0000FF56  _RP_REG                            
     0000FF68  _BCPS_REG                          
     0000FF69  _BCPD_REG                          
     0000FF6A  _OCPS_REG                          
     0000FF6B  _OCPD_REG                          
     0000FF70  _SVBK_REG                          
ASxxxx Linker V03.00/V05.40 + sdld,  page 12.
Hexadecimal  [32-Bits]

Area                                    Addr        Size        Decimal Bytes (Attributes)
--------------------------------        ----        ----        ------- ----- ------------
.  .ABS.                            00000000    00000000 =           0. bytes (ABS,CON)

      Value  Global                              Global Defined In Module
      -----  --------------------------------   ------------------------
     0000FF76  _PCM12_REG                         
     0000FF77  _PCM34_REG                         
     0000FF80  .refresh_OAM                    
     0000FF80  __HRAM                             
     0000FFFF  _IE_REG                            
     00014000  s__CODE_1                       
     00024000  s__CODE_2                       
     00034000  s__CODE_3                       
     00044000  s__CODE_4                       
     00054000  s__CODE_5                       
     00064000  s__CODE_6                       

ASxxxx Linker V03.00/V05.40 + sdld,  page 13.
Hexadecimal  [32-Bits]

Area                                    Addr        Size        Decimal Bytes (Attributes)
--------------------------------        ----        ----        ------- ----- ------------
_CODE                               00000200    00000E5E =        3678. bytes (REL,CON)

      Value  Global                              Global Defined In Module
      -----  --------------------------------   ------------------------
     00000200  ___HandleCrash                     
     0000020A  _SIO_send_byte                     
     0000021D  _SIO_receive                       
     0000022E  _GetWinAddr                        
     00000236  _GetBkgAddr                        
     00000244  _state_init                        
     00000249  _state_update                      
     0000026B  _ui_time_masks                     
     00000273  _ui_print_shift_char               
     000002F6  _ui_draw_frame_row                 
     000002FF  .ui_draw_frame_row                 
     00000328  _script_cmds                       vm_instructions
     00000560  _save_signature                    game_signature
     00000564  _start_scene_x                     
     00000566  _start_scene_y                     
     00000568  _start_scene_dir                   
     00000569  _start_scene                       
     0000056C  _start_player_move_speed           
     0000056D  _start_player_anim_tick            
     0000056E  _ui_fonts                          
     00000571  _core_reset_hook                   main
     00000579  _main                              main
     00000581  _state_start_fns                   
     00000593  _state_update_fns                  
     000005A5  _hUGE_init                         hUGEDriver_obj
     000005A7  hUGE_init                          hUGEDriver_obj
     000005FD  _hUGE_mute_channel                 hUGEDriver_obj
     000005FF  hUGE_mute_channel                  hUGEDriver_obj
     0000084D  _hUGE_set_position                 hUGEDriver_obj
     0000084F  hUGE_set_position                  hUGEDriver_obj
     00000A14  _hUGE_dosound                      hUGEDriver_obj
     00000A14  hUGE_dosound                       hUGEDriver_obj
     00000D40  _get_vram_byte                     
     00000D48  _get_win_tile_xy                   
     00000D50  _get_bkg_tile_xy                   
     00000D77  _hide_sprites_range                Metasprites
     00000DA6  __mulsuchar                        mul
     00000DA9  __muluschar                        mul
     00000DB2  __mulschar                         mul
     00000DBA  __mulint                           mul
     00000DD9  __muluchar                         mul
     00000DEB  _set_vram_byte                     
     00000DF4  _set_win_tile_xy                   
     00000DFC  _set_bkg_tile_xy                   
     00000E26  .sgb_check                         
     00000E26  _sgb_check                         
     00000E6E  _sgb_transfer                      
     00000E73  .sgb_transfer                      
     00000EB4  .copy_vram                         
     00000EBA  _get_data                          
ASxxxx Linker V03.00/V05.40 + sdld,  page 14.
Hexadecimal  [32-Bits]

Area                                    Addr        Size        Decimal Bytes (Attributes)
--------------------------------        ----        ----        ------- ----- ------------
_CODE                               00000200    00000E5E =        3678. bytes (REL,CON)

      Value  Global                              Global Defined In Module
      -----  --------------------------------   ------------------------
     00000EBA  _set_data                          
     00000EBA  _vmemcpy                           
     00000F08  ___move_metasprite                 Metasprites
     00000F45  ___memcpy                          
     00000F45  _memcpy                            
     00000F77  __divsuchar                        divmod
     00000F7D  __modsuchar                        divmod
     00000F86  __divuschar                        divmod
     00000F8F  __moduschar                        divmod
     00000F9B  __divschar                         divmod
     00000FA0  __modschar                         divmod
     00000FA7  __divsint                          divmod
     00000FB0  __modsint                          divmod
     00000FBC  __divuchar                         divmod
     00000FC1  __moduchar                         divmod
     00000FC8  __divuint                          divmod
     00000FD1  __moduint                          divmod
     00000FDD  .div8                              divmod
     00000FDD  .mod8                              divmod
     00000FE5  .div16                             divmod
     00000FE5  .mod16                             divmod
     0000101B  .divu8                             divmod
     0000101B  .modu8                             divmod
     0000101E  .divu16                            divmod
     0000101E  .modu16                            divmod
ASxxxx Linker V03.00/V05.40 + sdld,  page 15.
Hexadecimal  [32-Bits]

Area                                    Addr        Size        Decimal Bytes (Attributes)
--------------------------------        ----        ----        ------- ----- ------------
_HEADER0                            00000000    00000001 =           1. bytes (ABS,CON)

      Value  Global                              Global Defined In Module
      -----  --------------------------------   ------------------------
     00000020  .call_hl                           Runtime

ASxxxx Linker V03.00/V05.40 + sdld,  page 16.
Hexadecimal  [32-Bits]

Area                                    Addr        Size        Decimal Bytes (Attributes)
--------------------------------        ----        ----        ------- ----- ------------
_HEADER1                            00000000    00000005 =           5. bytes (ABS,CON)

      Value  Global                              Global Defined In Module
      -----  --------------------------------   ------------------------
     00000028  .MemsetSmall                       Runtime

ASxxxx Linker V03.00/V05.40 + sdld,  page 17.
Hexadecimal  [32-Bits]

Area                                    Addr        Size        Decimal Bytes (Attributes)
--------------------------------        ----        ----        ------- ----- ------------
_HEADER2                            00000000    00000007 =           7. bytes (ABS,CON)

      Value  Global                              Global Defined In Module
      -----  --------------------------------   ------------------------
     00000030  .MemcpySmall                       Runtime

ASxxxx Linker V03.00/V05.40 + sdld,  page 18.
Hexadecimal  [32-Bits]

Area                                    Addr        Size        Decimal Bytes (Attributes)
--------------------------------        ----        ----        ------- ----- ------------
_HEADER3                            00000000    00000008 =           8. bytes (ABS,CON)

      Value  Global                              Global Defined In Module
      -----  --------------------------------   ------------------------
ASxxxx Linker V03.00/V05.40 + sdld,  page 19.
Hexadecimal  [32-Bits]

Area                                    Addr        Size        Decimal Bytes (Attributes)
--------------------------------        ----        ----        ------- ----- ------------
_HEADER4                            00000000    00000060 =          96. bytes (ABS,CON)

      Value  Global                              Global Defined In Module
      -----  --------------------------------   ------------------------
     00000080  .int                               Runtime
     0000008F  _wait_int_handler                  Runtime
     0000009C  __standard_VBL_handler             Runtime
     000000AB  _refresh_OAM                       Runtime
     000000CC  _set_interrupts                    Runtime

ASxxxx Linker V03.00/V05.40 + sdld,  page 20.
Hexadecimal  [32-Bits]

Area                                    Addr        Size        Decimal Bytes (Attributes)
--------------------------------        ----        ----        ------- ----- ------------
_HEADER5                            00000000    00000001 =           1. bytes (ABS,CON)

      Value  Global                              Global Defined In Module
      -----  --------------------------------   ------------------------
ASxxxx Linker V03.00/V05.40 + sdld,  page 21.
Hexadecimal  [32-Bits]

Area                                    Addr        Size        Decimal Bytes (Attributes)
--------------------------------        ----        ----        ------- ----- ------------
_HEADER6                            00000000    00000002 =           2. bytes (ABS,CON)

      Value  Global                              Global Defined In Module
      -----  --------------------------------   ------------------------
ASxxxx Linker V03.00/V05.40 + sdld,  page 22.
Hexadecimal  [32-Bits]

Area                                    Addr        Size        Decimal Bytes (Attributes)
--------------------------------        ----        ----        ------- ----- ------------
_HEADER7                            00000000    00000030 =          48. bytes (ABS,CON)

      Value  Global                              Global Defined In Module
      -----  --------------------------------   ------------------------
ASxxxx Linker V03.00/V05.40 + sdld,  page 23.
Hexadecimal  [32-Bits]

Area                                    Addr        Size        Decimal Bytes (Attributes)
--------------------------------        ----        ----        ------- ----- ------------
_HEADER8                            00000000    00000006 =           6. bytes (ABS,CON)

      Value  Global                              Global Defined In Module
      -----  --------------------------------   ------------------------
ASxxxx Linker V03.00/V05.40 + sdld,  page 24.
Hexadecimal  [32-Bits]

Area                                    Addr        Size        Decimal Bytes (Attributes)
--------------------------------        ----        ----        ------- ----- ------------
_HEADER9                            00000000    00000003 =           3. bytes (ABS,CON)

      Value  Global                              Global Defined In Module
      -----  --------------------------------   ------------------------
ASxxxx Linker V03.00/V05.40 + sdld,  page 25.
Hexadecimal  [32-Bits]

Area                                    Addr        Size        Decimal Bytes (Attributes)
--------------------------------        ----        ----        ------- ----- ------------
_HEADERa                            00000000    00000001 =           1. bytes (ABS,CON)

      Value  Global                              Global Defined In Module
      -----  --------------------------------   ------------------------
ASxxxx Linker V03.00/V05.40 + sdld,  page 26.
Hexadecimal  [32-Bits]

Area                                    Addr        Size        Decimal Bytes (Attributes)
--------------------------------        ----        ----        ------- ----- ------------
_HEADERb                            00000000    00000001 =           1. bytes (ABS,CON)

      Value  Global                              Global Defined In Module
      -----  --------------------------------   ------------------------
ASxxxx Linker V03.00/V05.40 + sdld,  page 27.
Hexadecimal  [32-Bits]

Area                                    Addr        Size        Decimal Bytes (Attributes)
--------------------------------        ----        ----        ------- ----- ------------
_HEADERc                            00000000    00000001 =           1. bytes (ABS,CON)

      Value  Global                              Global Defined In Module
      -----  --------------------------------   ------------------------
ASxxxx Linker V03.00/V05.40 + sdld,  page 28.
Hexadecimal  [32-Bits]

Area                                    Addr        Size        Decimal Bytes (Attributes)
--------------------------------        ----        ----        ------- ----- ------------
_HEADERd                            00000000    00000002 =           2. bytes (ABS,CON)

      Value  Global                              Global Defined In Module
      -----  --------------------------------   ------------------------
ASxxxx Linker V03.00/V05.40 + sdld,  page 29.
Hexadecimal  [32-Bits]

Area                                    Addr        Size        Decimal Bytes (Attributes)
--------------------------------        ----        ----        ------- ----- ------------
_HEADERe                            00000000    00000001 =           1. bytes (ABS,CON)

      Value  Global                              Global Defined In Module
      -----  --------------------------------   ------------------------
ASxxxx Linker V03.00/V05.40 + sdld,  page 30.
Hexadecimal  [32-Bits]

Area                                    Addr        Size        Decimal Bytes (Attributes)
--------------------------------        ----        ----        ------- ----- ------------
_HEADERf                            00000000    00000001 =           1. bytes (ABS,CON)

      Value  Global                              Global Defined In Module
      -----  --------------------------------   ------------------------
ASxxxx Linker V03.00/V05.40 + sdld,  page 31.
Hexadecimal  [32-Bits]

Area                                    Addr        Size        Decimal Bytes (Attributes)
--------------------------------        ----        ----        ------- ----- ------------
_HEADER10                           00000000    00000002 =           2. bytes (ABS,CON)

      Value  Global                              Global Defined In Module
      -----  --------------------------------   ------------------------
ASxxxx Linker V03.00/V05.40 + sdld,  page 32.
Hexadecimal  [32-Bits]

Area                                    Addr        Size        Decimal Bytes (Attributes)
--------------------------------        ----        ----        ------- ----- ------------
_HEADER11                           00000000    000000AB =         171. bytes (ABS,CON)

      Value  Global                              Global Defined In Module
      -----  --------------------------------   ------------------------
     00000150  .reset                             Runtime
     00000150  _reset                             Runtime
     00000157  .code_start                        Runtime
     000001B9  _exit                              Runtime
     000001BD  .wait_vbl_done                     Runtime
     000001BD  _vsync                             Runtime
     000001BD  _wait_vbl_done                     Runtime
     000001CD  .remove_VBL                        Runtime
     000001CD  _remove_VBL                        Runtime
     000001D0  .remove_int                        Runtime
     000001ED  .add_VBL                           Runtime
     000001ED  _add_VBL                           Runtime
     000001F0  .add_int                           Runtime

ASxxxx Linker V03.00/V05.40 + sdld,  page 33.
Hexadecimal  [32-Bits]

Area                                    Addr        Size        Decimal Bytes (Attributes)
--------------------------------        ----        ----        ------- ----- ------------
_HOME                               0000105E    000029C5 =       10693. bytes (REL,CON)

      Value  Global                              Global Defined In Module
      -----  --------------------------------   ------------------------
     0000105E  .memset_simple                     Runtime
     00001067  .memcpy_simple                     Runtime
     00001084  .display_off                       Runtime
     00001084  _display_off                       Runtime
     0000109C  _actors_update                     actor
     0000148F  _SetBankedBkgData                  bankdata
     000014AB  _SetBankedSpriteData               bankdata
     000014C7  _SetBankedBkgTiles                 bankdata
     000014E3  _SetBankedWinTiles                 bankdata
     000014FF  _ReadBankedFarPtr                  bankdata
     00001521  _ReadBankedUWORD                   bankdata
     0000153B  _MemcpyBanked                      bankdata
     0000155D  _MemcpyVRAMBanked                  bankdata
     0000158C  _IndexOfFarPtr                     bankdata
     00001611  _camera_update                     camera
     00001744  _load_animations                   data_manager
     0000179D  _events_update                     events
     00001870  _timers_update                     events
     000018F9  _input_update                      input
     0000191C  .sio_ISR                           
     00001976  .timer_ISR                         
     0000198B  _simple_LCD_isr                    interrupts
     00001A0A  _fullscreen_LCD_isr                interrupts
     00001A36  _VBL_isr                           interrupts
     00001A80  _isqrt                             math
     00001ADD  _sine_wave                         math
     00001BDD  _dir_lookup                        math
     00001BE5  _dir_angle_lookup                  math
     00001BE9  _hUGETrackerRoutine                music_manager
     00001C10  _music_events_update               music_manager
     00001C92  _music_play_isr                    music_manager
     00001D33  _parallax_LCD_isr                  parallax
     00001D70  _projectiles_update                projectiles
     000021F1  _projectiles_render                projectiles
     00002346  _scroll_load_pending_row           scroll
     00002394  _scroll_load_row                   scroll
     000023D4  _scroll_load_col                   scroll
     00002409  _scroll_load_pending_col           scroll
     00002458  _set_bkg_submap                    
     0000249B  _set_xy_win_submap                 
     000024C8  .set_xy_win_submap                 
     000024D1  .set_xy_bkg_submap                 
     000024E0  .set_xy_submap                     
     0000252A  _sfx_play_isr                      sfx_player
     00002603  _on_SIO_receive                    sio
     00002644  _SIO_update                        sio
     000026AB  _ui_update                         ui
     000027E3  _vm_sgb_transfer                   vm_sgb
     00002830  _vm_load_text                      vm_ui
     00002A86  _vm_switch                         vm
ASxxxx Linker V03.00/V05.40 + sdld,  page 34.
Hexadecimal  [32-Bits]

Area                                    Addr        Size        Decimal Bytes (Attributes)
--------------------------------        ----        ----        ------- ----- ------------
_HOME                               0000105E    000029C5 =       10693. bytes (REL,CON)

      Value  Global                              Global Defined In Module
      -----  --------------------------------   ------------------------
     00002BB7  _vm_beginthread                    vm
     00002CDB  _vm_rpn                            vm
     000034B4  _vm_get_far                        vm
     00003522  _vm_call_native                    vm
     00003535  _VM_STEP                           vm
     0000359F  _script_runner_update              vm
     00003704  _fill_win_rect                     
     00003716  _rand                              
     00003716  _randw                             
     00003741  _initrand                          
     00003743  .initrand                          
     0000374C  _get_bkg_data                      
     0000374C  _get_win_data                      
     00003799  _get_sprite_data                   
     000037CC  _abs                               abs
     000037DB  _set_win_tiles                     
     000037EF  _set_tile_data                     
     000037F4  _set_bkg_data                      
     000037F4  _set_win_data                      
     000037FC  _set_sprite_data                   
     0000382C  _reverse                           reverse
     00003860  ___call__banked                    far_ptr
     0000387D  _to_far_ptr                        far_ptr
     000038B3  .add_LCD                           
     000038B3  _add_LCD                           
     000038B9  .remove_LCD                        
     000038B9  _remove_LCD                        
     000038BF  .fill_rect_wtt                     
     000038C8  .fill_rect_btt                     
     00003915  _fill_bkg_rect                     
     00003927  .padup                             
     00003927  _waitpadup                         
     00003937  .jpad                              
     00003937  _joypad                            
     0000395F  _waitpad                           
     00003960  .wait_pad                          
     00003967  ___sdcc_call_hl                    call_hl
     00003968  _memset                            memset
     0000399B  .set_xy_wtt                        SetTileMap
     000039A4  .set_xy_btt                        SetTileMap
     000039B3  .set_xy_tt                         SetTileMap
     000039F5  ___sdcc_bcall_ehl                  
     00003A0F  _set_bkg_tiles                     
ASxxxx Linker V03.00/V05.40 + sdld,  page 35.
Hexadecimal  [32-Bits]

Area                                    Addr        Size        Decimal Bytes (Attributes)
--------------------------------        ----        ----        ------- ----- ------------
_INITIALIZER                        00003A23    0000001A =          26. bytes (REL,CON)

      Value  Global                              Global Defined In Module
      -----  --------------------------------   ------------------------
ASxxxx Linker V03.00/V05.40 + sdld,  page 36.
Hexadecimal  [32-Bits]

Area                                    Addr        Size        Decimal Bytes (Attributes)
--------------------------------        ----        ----        ------- ----- ------------
_GSINIT                             00003A3D    00000027 =          39. bytes (REL,CON)

      Value  Global                              Global Defined In Module
      -----  --------------------------------   ------------------------
     00003A3D  gsinit                             Runtime

ASxxxx Linker V03.00/V05.40 + sdld,  page 37.
Hexadecimal  [32-Bits]

Area                                    Addr        Size        Decimal Bytes (Attributes)
--------------------------------        ----        ----        ------- ----- ------------
_GSFINAL                            00003A64    00000001 =           1. bytes (REL,CON)

      Value  Global                              Global Defined In Module
      -----  --------------------------------   ------------------------
ASxxxx Linker V03.00/V05.40 + sdld,  page 38.
Hexadecimal  [32-Bits]

Area                                    Addr        Size        Decimal Bytes (Attributes)
--------------------------------        ----        ----        ------- ----- ------------
_DATA                               0000C0A0    00001992 =        6546. bytes (REL,CON)

      Value  Global                              Global Defined In Module
      -----  --------------------------------   ------------------------
     0000C0A0  __cpu                              Runtime
     0000C0A1  __is_GBA                           Runtime
     0000C0A2  .mode                              Runtime
     0000C0A3  .sys_time                          Runtime
     0000C0A3  _sys_time                          Runtime
     0000C0A5  .int_0x40                          Runtime
     0000C0B1  _actors                            actor
     0000C4F5  _actors_active_head                actor
     0000C4F7  _actors_active_tail                actor
     0000C4F9  _actors_inactive_head              actor
     0000C4FB  _screen_x                          actor
     0000C4FC  _screen_y                          actor
     0000C4FD  _invalid                           actor
     0000C4FF  _player_moving                     actor
     0000C500  _player_iframes                    actor
     0000C501  _player_collision_actor            actor
     0000C503  _emote_actor                       actor
     0000C505  _emote_timer                       actor
     0000C506  _allocated_sprite_tiles            actor
     0000C507  _allocated_hardware_sprites        actor
     0000C513  _camera_x                          camera
     0000C515  _camera_y                          camera
     0000C517  _camera_offset_x                   camera
     0000C518  _camera_offset_y                   camera
     0000C519  _camera_deadzone_x                 camera
     0000C51A  _camera_deadzone_y                 camera
     0000C51B  _camera_settings                   camera
     0000C51F  _current_scene                     data_manager
     0000C522  _image_bank                        data_manager
     0000C523  _image_ptr                         data_manager
     0000C525  _image_attr_bank                   data_manager
     0000C526  _image_attr_ptr                    data_manager
     0000C528  _collision_bank                    data_manager
     0000C529  _collision_ptr                     data_manager
     0000C52B  _image_tile_width                  data_manager
     0000C52C  _image_tile_height                 data_manager
     0000C52D  _image_width                       data_manager
     0000C52F  _image_height                      data_manager
     0000C531  _sprites_len                       data_manager
     0000C532  _actors_len                        data_manager
     0000C533  _projectiles_len                   data_manager
     0000C534  _player_sprite_len                 data_manager
     0000C535  _scene_type                        data_manager
     0000C536  _scene_LCD_type                    data_manager
     0000C537  _scene_stack                       data_manager
     0000C577  _scene_stack_ptr                   data_manager
     0000C579  _scene_sprites_base_tiles          data_manager
     0000C5B9  _input_events                      events
     0000C5E1  _input_slots                       events
     0000C5E9  _timer_events                      events
ASxxxx Linker V03.00/V05.40 + sdld,  page 39.
Hexadecimal  [32-Bits]

Area                                    Addr        Size        Decimal Bytes (Attributes)
--------------------------------        ----        ----        ------- ----- ------------
_DATA                               0000C0A0    00001992 =        6546. bytes (REL,CON)

      Value  Global                              Global Defined In Module
      -----  --------------------------------   ------------------------
     0000C5FD  _timer_values                      events
     0000C605  _fade_running                      fade_manager
     0000C606  _fade_frames_per_step              fade_manager
     0000C607  _fade_timer                        fade_manager
     0000C60F  _joypads                           input
     0000C614  _frame_joy                         input
     0000C615  _last_joy                          input
     0000C616  _recent_joy                        input
     0000C617  _SIO_status                        
     0000C618  _link_byte_sent                    
     0000C619  _link_next_mode                    
     0000C61A  _save_blob_size                    load_save
     0000C61C  _routine_queue                     music_manager
     0000C620  _routine_queue_head                music_manager
     0000C621  _routine_queue_tail                music_manager
     0000C622  _music_events                      music_manager
     0000C636  _music_current_track_bank          music_manager
     0000C637  _music_mute_mask                   music_manager
     0000C638  _music_effective_mute              music_manager
     0000C639  _music_next_track                  music_manager
     0000C63B  _music_current_track               music_manager
     0000C63D  _music_play_isr_counter            music_manager
     0000C63E  _music_play_isr_pause              music_manager
     0000C63F  _music_global_mute_mask            music_manager
     0000C640  _music_sfx_priority                music_manager
     0000C641  _DMG_palette                       palette
     0000C644  _SprPalette                        palette
     0000C684  _parallax_rows                     parallax
     0000C696  _parallax_row                      parallax
     0000C698  _projectiles                       projectiles
     0000C751  _projectile_defs                   projectiles
     0000C7C4  _projectiles_active_head           projectiles
     0000C7C6  _projectiles_inactive_head         projectiles
     0000C7CD  _scroll_x                          scroll
     0000C7CF  _scroll_y                          scroll
     0000C7D1  _draw_scroll_x                     scroll
     0000C7D3  _draw_scroll_y                     scroll
     0000C7D5  _scroll_x_max                      scroll
     0000C7D7  _scroll_y_max                      scroll
     0000C7D9  _scroll_offset_x                   scroll
     0000C7DA  _scroll_offset_y                   scroll
     0000C7DB  _pending_h_x                       scroll
     0000C7DC  _pending_h_y                       scroll
     0000C7DD  _pending_h_i                       scroll
     0000C7DE  _pending_w_x                       scroll
     0000C7DF  _pending_w_y                       scroll
     0000C7E0  _pending_w_i                       scroll
     0000C7E1  _current_row                       scroll
     0000C7E3  _new_row                           scroll
     0000C7E5  _current_col                       scroll
     0000C7E7  _new_col                           scroll
ASxxxx Linker V03.00/V05.40 + sdld,  page 40.
Hexadecimal  [32-Bits]

Area                                    Addr        Size        Decimal Bytes (Attributes)
--------------------------------        ----        ----        ------- ----- ------------
_DATA                               0000C0A0    00001992 =        6546. bytes (REL,CON)

      Value  Global                              Global Defined In Module
      -----  --------------------------------   ------------------------
     0000C7E9  .image_tile_width                  
     0000C7EA  _sfx_play_bank                     sfx_player
     0000C7EB  _sfx_play_sample                   sfx_player
     0000C7ED  _sfx_frame_skip                    sfx_player
     0000C7EE  _link_operation_mode               sio
     0000C7EF  _link_packet                       sio
     0000C80F  _link_packet_len                   sio
     0000C810  _link_packet_ptr                   sio
     0000C812  _link_packet_received              sio
     0000C813  _link_packet_snd_len               sio
     0000C814  _link_packet_snd_ptr               sio
     0000C816  _link_packet_sent                  sio
     0000C817  __is_CGB                           system
     0000C818  __is_SGB                           system
     0000C819  __current_ram_bank                 system
     0000C81A  _triggers                          trigger
     0000C912  _last_trigger_tx                   trigger
     0000C913  _last_trigger_ty                   trigger
     0000C914  _last_trigger                      trigger
     0000C915  _win_pos_x                         ui
     0000C916  _win_dest_pos_x                    ui
     0000C917  _win_pos_y                         ui
     0000C918  _win_dest_pos_y                    ui
     0000C919  _win_speed                         ui
     0000C91A  _text_drawn                        ui
     0000C91B  _current_text_speed                ui
     0000C91C  _text_wait                         ui
     0000C91D  _text_options                      ui
     0000C91E  _text_in_speed                     ui
     0000C91F  _text_out_speed                    ui
     0000C920  _text_draw_speed                   ui
     0000C921  _text_ff_joypad                    ui
     0000C922  _text_ff                           ui
     0000C923  _text_bkg_fill                     ui
     0000C924  _ui_text_data                      ui
     0000CA2E  _vwf_current_mask                  ui
     0000CA2F  _vwf_current_rotate                ui
     0000CA30  _vwf_inverse_map                   ui
     0000CA31  _vwf_direction                     ui
     0000CA32  _vwf_current_font_desc             ui
     0000CA3A  _vwf_current_font_bank             ui
     0000CA3B  _vwf_current_font_idx              ui
     0000CA3C  _text_render_base_addr             ui
     0000CA3E  _text_scroll_addr                  ui
     0000CA40  _text_scroll_width                 ui
     0000CA41  _text_scroll_height                ui
     0000CA42  _text_scroll_fill                  ui
     0000CA43  _text_sound_mask                   ui
     0000CA44  _text_sound_bank                   ui
     0000CA45  _text_sound_data                   ui
     0000CA47  _overlay_priority                  ui
ASxxxx Linker V03.00/V05.40 + sdld,  page 41.
Hexadecimal  [32-Bits]

Area                                    Addr        Size        Decimal Bytes (Attributes)
--------------------------------        ----        ----        ------- ----- ------------
_DATA                               0000C0A0    00001992 =        6546. bytes (REL,CON)

      Value  Global                              Global Defined In Module
      -----  --------------------------------   ------------------------
     0000CA48  _text_palette                      ui
     0000CA4F  __itoa_fmt_len                     vm_ui_a
     0000CA50  .itoa_fmt_buf                      vm_ui_a
     0000CA53  _CTXS                              vm
     0000CB83  _first_ctx                         vm
     0000CB85  _free_ctxs                         vm
     0000CB87  _old_executing_ctx                 vm
     0000CB89  _executing_ctx                     vm
     0000CB8B  _vm_lock_state                     vm
     0000CB8C  _vm_loaded_state                   vm
     0000CB8D  _vm_exception_code                 vm
     0000CB8E  _vm_exception_params_length        vm
     0000CB8F  _vm_exception_params_bank          vm
     0000CB90  _vm_exception_params_offset        vm
     0000CB93  _script_memory                     vm
     0000D999  _grounded                          platform
     0000D99A  _on_slope                          platform
     0000D99B  _slope_y                           platform
     0000D99C  _on_ladder                         platform
     0000D99D  _pl_vel_x                          platform
     0000D99F  _pl_vel_y                          platform
     0000D9A1  _plat_min_vel                      platform
     0000D9A3  _plat_walk_vel                     platform
     0000D9A5  _plat_climb_vel                    platform
     0000D9A7  _plat_run_vel                      platform
     0000D9A9  _plat_walk_acc                     platform
     0000D9AB  _plat_run_acc                      platform
     0000D9AD  _plat_dec                          platform
     0000D9AF  _plat_jump_vel                     platform
     0000D9B1  _plat_grav                         platform
     0000D9B3  _plat_hold_grav                    platform
     0000D9B5  _plat_max_fall_vel                 platform
     0000D9B7  _shooter_reached_end               shmup
     0000D9B8  _shooter_dest                      shmup
     0000D9BA  _shooter_direction                 shmup
     0000D9BB  _topdown_grid                      topdown
     0000D9BC  ___rand_seed                       
     0000D9DA  _hUGE_current_wave                 hUGEDriver_obj
     0000D9DA  hUGE_current_wave                  hUGEDriver_obj
     0000D9DB  _hUGE_mute_mask                    hUGEDriver_obj
     0000DA22  ___call_banked_addr                far_ptr
     0000DA22  ___call_banked_ptr                 far_ptr
     0000DA24  ___call_banked_bank                far_ptr
     0000DA26  .int_0x48                          
     0000DA2E  ___current_metasprite              Metasprites
     0000DA30  ___current_base_tile               Metasprites
     0000DA31  ___current_base_prop               Metasprites

ASxxxx Linker V03.00/V05.40 + sdld,  page 42.
Hexadecimal  [32-Bits]

Area                                    Addr        Size        Decimal Bytes (Attributes)
--------------------------------        ----        ----        ------- ----- ------------
_INITIALIZED                        0000DA32    0000001A =          26. bytes (REL,CON)

      Value  Global                              Global Defined In Module
      -----  --------------------------------   ------------------------
     0000DA32  _fade_style                        fade_manager
     0000DA33  _game_time                         game_time
     0000DA34  _PRN_PKT_START                     gbprinter
     0000DA42  _hide_sprites                      interrupts
     0000DA43  _show_actors_on_overlay            interrupts
     0000DA44  _overlay_cut_scanline              interrupts
     0000DA45  __submap_tile_offset               
     0000DA46  _triggers_len                      trigger
     0000DA47  _exchange_state                    vm_sio
     0000DA48  _last_hit_trigger                  pointnclick
     0000DA49  _shooter_scroll_speed              shmup
     0000DA4A  ___render_shadow_OAM               Metasprites
     0000DA4B  __map_tile_offset                  SetTileMap

ASxxxx Linker V03.00/V05.40 + sdld,  page 43.
Hexadecimal  [32-Bits]

Area                                    Addr        Size        Decimal Bytes (Attributes)
--------------------------------        ----        ----        ------- ----- ------------
_HRAM12                             00000000    00000003 =           3. bytes (ABS,CON)

      Value  Global                              Global Defined In Module
      -----  --------------------------------   ------------------------
     0000FF90  __current_bank                     Runtime
     0000FF92  __shadow_OAM_base                  Runtime

ASxxxx Linker V03.00/V05.40 + sdld,  page 44.
Hexadecimal  [32-Bits]

Area                                    Addr        Size        Decimal Bytes (Attributes)
--------------------------------        ----        ----        ------- ----- ------------
_CODE_1                             00014000    00003FFF =       16383. bytes (REL,CON)

      Value  Global                              Global Defined In Module
      -----  --------------------------------   ------------------------
     00014000  ___func_ACTOR                      actor
     00014000  _actors_init                       actor
     0001403A  _emote_offsets                     actor
     00014049  _emote_metasprite                  actor
     00014055  _player_init                       actor
     0001406A  _deactivate_actor                  actor
     000141CB  _activate_actor                    actor
     0001430A  _activate_actors_in_row            actor
     00014401  _activate_actors_in_col            actor
     00014552  _actor_set_frames                  actor
     000145A8  _actor_set_frame_offset            actor
     000145E3  _actor_get_frame_offset            actor
     000145F5  _actor_set_anim_idle               actor
     00014623  _actor_set_anim_moving             actor
     00014654  _actor_set_dir                     actor
     000146B9  _actor_at_tile                     actor
     0001478D  _actor_in_front_of_player          actor
     00014841  _actor_overlapping_player          actor
     00014ADA  _actor_overlapping_bb              actor
     00014CF9  _actors_handle_player_collision    actor
     00014D85  _check_collision_in_direction      actor
     000155A3  _ui_swap_tiles                     
     000155ED  _ui_print_make_mask_lr             
     00015609  _ui_print_make_mask_rl             
     00015625  _ui_init                           ui
     000156EC  _ui_load_tiles                     ui
     00015743  _ui_draw_frame                     ui
[...]
     00025F4F  _vm_set_int8                       vm
     00025F7B  _vm_set_int16                      vm
     00025FBA  _vm_set_const_int8                 vm
     00025FC3  _vm_set_const_int16                vm
     00025FCF  _vm_init_rng                       vm
     00025FFB  _vm_rand                           vm
     00026080  _vm_lock                           vm
     0002608F  _vm_unlock                         vm
     000260A2  _vm_raise                          vm
     000260E4  _vm_set_indirect                   vm
     0002615F  _vm_get_indirect                   vm
     000261DA  _vm_poll_loaded                    vm
     0002620A  _vm_memset                         vm
     00026244  _vm_memcpy                         vm
     000262C1  _script_runner_init                vm
     00026378  _script_execute                    vm
     000264DE  _script_terminate                  vm
     00026543  _script_detach_hthread             vm
     0002657F  ___func_bg_logo_tileset            bg_logo_tileset
     0002657F  _bg_logo_tileset                   bg_logo_tileset
     00027FD8  _song_rulz_gonaspace_Data          song_rulz_gonaspace_Data
     00027FED  ___func_scene_outside_sprites      scene_outside_sprites
     00027FED  _scene_outside_sprites             scene_outside_sprites
ASxxxx Linker V03.00/V05.40 + sdld,  page 63.
Hexadecimal  [32-Bits]

Area                                    Addr        Size        Decimal Bytes (Attributes)
--------------------------------        ----        ----        ------- ----- ------------
_HEADER_LCD0                        00000000    00000003 =           3. bytes (ABS,CON)

      Value  Global                              Global Defined In Module
      -----  --------------------------------   ------------------------
ASxxxx Linker V03.00/V05.40 + sdld,  page 64.

Files Linked                              [ module(s) ]

C:\tmp/_gbstools/gbdk/lib/gb/crt0.o       [ Runtime ]
C:/tmp/_gbsbuild/obj/absolute.rel         [ absolute ]
C:/tmp/_gbsbuild/obj/actor.rel            [ actor ]
C:/tmp/_gbsbuild/obj/bankdata.rel         [ bankdata ]
C:/tmp/_gbsbuild/obj/bootstrap.rel        [  ]
C:/tmp/_gbsbuild/obj/camera.rel           [ camera ]
C:/tmp/_gbsbuild/obj/core.rel             [ core ]
C:/tmp/_gbsbuild/obj/crash_handler.rel    [  ]
C:/tmp/_gbsbuild/obj/data_manager.rel     [ data_manager ]
C:/tmp/_gbsbuild/obj/events.rel           [ events ]
C:/tmp/_gbsbuild/obj/fade_manager.rel     [ fade_manager ]
C:/tmp/_gbsbuild/obj/flasher_s.rel        [  ]
C:/tmp/_gbsbuild/obj/flasher.rel          [ flasher ]
C:/tmp/_gbsbuild/obj/game_time.rel        [ game_time ]
C:/tmp/_gbsbuild/obj/gbprinter.rel        [ gbprinter ]
C:/tmp/_gbsbuild/obj/input.rel            [ input ]
C:/tmp/_gbsbuild/obj/interrupt_sio.rel    [  ]
C:/tmp/_gbsbuild/obj/interrupt_timer.rel  [  ]
C:/tmp/_gbsbuild/obj/interrupts.rel       [ interrupts ]
C:/tmp/_gbsbuild/obj/load_save.rel        [ load_save ]
C:/tmp/_gbsbuild/obj/math_atan2.rel       [ math_atan2 ]
C:/tmp/_gbsbuild/obj/math.rel             [ math ]
C:/tmp/_gbsbuild/obj/music_manager.rel    [ music_manager ]
C:/tmp/_gbsbuild/obj/palette.rel          [ palette ]
C:/tmp/_gbsbuild/obj/parallax.rel         [ parallax ]
C:/tmp/_gbsbuild/obj/projectiles.rel      [ projectiles ]
C:/tmp/_gbsbuild/obj/scroll_a.rel         [  ]
C:/tmp/_gbsbuild/obj/scroll.rel           [ scroll ]
C:/tmp/_gbsbuild/obj/set_tile_submap.rel  [  ]
C:/tmp/_gbsbuild/obj/sfx_player.rel       [ sfx_player ]
C:/tmp/_gbsbuild/obj/sgb_border.rel       [ sgb_border ]
C:/tmp/_gbsbuild/obj/sio.rel              [ sio ]
C:/tmp/_gbsbuild/obj/states_caller.rel    [  ]
C:/tmp/_gbsbuild/obj/system.rel           [ system ]
C:/tmp/_gbsbuild/obj/trigger.rel          [ trigger ]
C:/tmp/_gbsbuild/obj/ui_a.rel             [  ]
C:/tmp/_gbsbuild/obj/ui.rel               [ ui ]
C:/tmp/_gbsbuild/obj/vm_actor.rel         [ vm_actor ]
C:/tmp/_gbsbuild/obj/vm_camera.rel        [ vm_camera ]
C:/tmp/_gbsbuild/obj/vm_gameboy.rel       [ vm_gameboy ]
C:/tmp/_gbsbuild/obj/vm_gbprinter.rel     [ vm_gbprinter ]
C:/tmp/_gbsbuild/obj/vm_instructions.rel  [ vm_instructions ]
C:/tmp/_gbsbuild/obj/vm_load_save.rel     [ vm_load_save ]
C:/tmp/_gbsbuild/obj/vm_math.rel          [ vm_math ]
C:/tmp/_gbsbuild/obj/vm_music.rel         [ vm_music ]
C:/tmp/_gbsbuild/obj/vm_palette.rel       [ vm_palette ]
C:/tmp/_gbsbuild/obj/vm_projectiles.rel   [ vm_projectiles ]
C:/tmp/_gbsbuild/obj/vm_rtc.rel           [ vm_rtc ]
C:/tmp/_gbsbuild/obj/vm_scene.rel         [ vm_scene ]
C:/tmp/_gbsbuild/obj/vm_sgb.rel           [ vm_sgb ]
C:/tmp/_gbsbuild/obj/vm_sio.rel           [ vm_sio ]
C:/tmp/_gbsbuild/obj/vm_ui_a.rel          [ vm_ui_a ]
C:/tmp/_gbsbuild/obj/vm_ui.rel            [ vm_ui ]
C:/tmp/_gbsbuild/obj/vm.rel               [ vm ]
C:/tmp/_gbsbuild/obj/actor_0_interact.rel
                                          [ actor_0_interact ]
C:/tmp/_gbsbuild/obj/actor_1_interact.rel
                                          [ actor_1_interact ]
C:/tmp/_gbsbuild/obj/actor_12_interact.rel
                                          [ actor_12_interact ]
C:/tmp/_gbsbuild/obj/actor_13_interact.rel
                                          [ actor_13_interact ]
C:/tmp/_gbsbuild/obj/actor_14_interact.rel
                                          [ actor_14_interact ]
C:/tmp/_gbsbuild/obj/actor_15_interact.rel
                                          [ actor_15_interact ]
C:/tmp/_gbsbuild/obj/actor_16_interact.rel
                                          [ actor_16_interact ]
C:/tmp/_gbsbuild/obj/actor_17_interact.rel
                                          [ actor_17_interact ]
C:/tmp/_gbsbuild/obj/actor_18_interact.rel
                                          [ actor_18_interact ]
C:/tmp/_gbsbuild/obj/actor_3_interact.rel
                                          [ actor_3_interact ]
C:/tmp/_gbsbuild/obj/actor_3_update.rel   [ actor_3_update ]
C:/tmp/_gbsbuild/obj/actor_4_interact.rel
                                          [ actor_4_interact ]
C:/tmp/_gbsbuild/obj/actor_5_interact.rel
                                          [ actor_5_interact ]
C:/tmp/_gbsbuild/obj/actor_6_interact.rel
                                          [ actor_6_interact ]
C:/tmp/_gbsbuild/obj/actor_9_interact.rel
                                          [ actor_9_interact ]
C:/tmp/_gbsbuild/obj/actor_ice_block_interact.rel
                                          [ actor_ice_block_interact ]
C:/tmp/_gbsbuild/obj/actor_radio_interact.rel
                                          [ actor_radio_interact ]
C:/tmp/_gbsbuild/obj/actor_rock_1_interact.rel
                                          [ actor_rock_1_interact ]
C:/tmp/_gbsbuild/obj/actor_rock_2_interact.rel
                                          [ actor_rock_2_interact ]
C:/tmp/_gbsbuild/obj/actor_rock_3_interact.rel
                                          [ actor_rock_3_interact ]
C:/tmp/_gbsbuild/obj/bg_cave_tilemap.rel  [ bg_cave_tilemap ]
C:/tmp/_gbsbuild/obj/bg_cave_tileset.rel  [ bg_cave_tileset ]
C:/tmp/_gbsbuild/obj/bg_cave.rel          [ bg_cave ]
C:/tmp/_gbsbuild/obj/bg_house_tilemap.rel
                                          [ bg_house_tilemap ]
C:/tmp/_gbsbuild/obj/bg_house_tileset.rel
                                          [ bg_house_tileset ]
C:/tmp/_gbsbuild/obj/bg_house.rel         [ bg_house ]
C:/tmp/_gbsbuild/obj/bg_logo_tilemap.rel  [ bg_logo_tilemap ]
C:/tmp/_gbsbuild/obj/bg_logo_tileset.rel  [ bg_logo_tileset ]
C:/tmp/_gbsbuild/obj/bg_logo.rel          [ bg_logo ]
C:/tmp/_gbsbuild/obj/bg_menu_tilemap.rel  [ bg_menu_tilemap ]
C:/tmp/_gbsbuild/obj/bg_menu_tileset.rel  [ bg_menu_tileset ]
C:/tmp/_gbsbuild/obj/bg_menu.rel          [ bg_menu ]
C:/tmp/_gbsbuild/obj/bg_outside_tilemap.rel
                                          [ bg_outside_tilemap ]
C:/tmp/_gbsbuild/obj/bg_outside_tileset.rel
                                          [ bg_outside_tileset ]
C:/tmp/_gbsbuild/obj/bg_outside.rel       [ bg_outside ]
C:/tmp/_gbsbuild/obj/bg_stars_tilemap.rel
                                          [ bg_stars_tilemap ]
C:/tmp/_gbsbuild/obj/bg_stars_tileset.rel
                                          [ bg_stars_tileset ]
C:/tmp/_gbsbuild/obj/bg_stars.rel         [ bg_stars ]
C:/tmp/_gbsbuild/obj/bg_titlescreen_tilemap.rel
                                          [ bg_titlescreen_tilemap ]
C:/tmp/_gbsbuild/obj/bg_titlescreen_tileset.rel
                                          [ bg_titlescreen_tileset ]
C:/tmp/_gbsbuild/obj/bg_titlescreen.rel   [ bg_titlescreen ]
C:/tmp/_gbsbuild/obj/bg_underground_tilemap.rel
                                          [ bg_underground_tilemap ]
C:/tmp/_gbsbuild/obj/bg_underground_tileset.rel
                                          [ bg_underground_tileset ]
C:/tmp/_gbsbuild/obj/bg_underground.rel   [ bg_underground ]
C:/tmp/_gbsbuild/obj/cursor_image.rel     [ cursor_image ]
C:/tmp/_gbsbuild/obj/emote_pause.rel      [ emote_pause ]
C:/tmp/_gbsbuild/obj/font_gbs_mono.rel    [ font_gbs_mono ]
C:/tmp/_gbsbuild/obj/frame_image.rel      [ frame_image ]
C:/tmp/_gbsbuild/obj/game_signature.rel   [ game_signature ]
C:/tmp/_gbsbuild/obj/song_rulz_gonaspace_Data.rel
                                          [ song_rulz_gonaspace_Data ]
C:/tmp/_gbsbuild/obj/palette_0.rel        [ palette_0 ]
C:/tmp/_gbsbuild/obj/palette_1.rel        [ palette_1 ]
C:/tmp/_gbsbuild/obj/scene_cave_actors.rel
                                          [ scene_cave_actors ]
C:/tmp/_gbsbuild/obj/scene_cave_collisions.rel
                                          [ scene_cave_collisions ]
C:/tmp/_gbsbuild/obj/scene_cave_init.rel  [ scene_cave_init ]
C:/tmp/_gbsbuild/obj/scene_cave_sprites.rel
                                          [ scene_cave_sprites ]
C:/tmp/_gbsbuild/obj/scene_cave_triggers.rel
                                          [ scene_cave_triggers ]
C:/tmp/_gbsbuild/obj/scene_cave.rel       [ scene_cave ]
C:/tmp/_gbsbuild/obj/scene_house_actors.rel
                                          [ scene_house_actors ]
C:/tmp/_gbsbuild/obj/scene_house_collisions.rel
                                          [ scene_house_collisions ]
C:/tmp/_gbsbuild/obj/scene_house_init.rel
                                          [ scene_house_init ]
C:/tmp/_gbsbuild/obj/scene_house_sprites.rel
                                          [ scene_house_sprites ]
C:/tmp/_gbsbuild/obj/scene_house_triggers.rel
                                          [ scene_house_triggers ]
C:/tmp/_gbsbuild/obj/scene_house.rel      [ scene_house ]
C:/tmp/_gbsbuild/obj/scene_logo_collisions.rel
                                          [ scene_logo_collisions ]
C:/tmp/_gbsbuild/obj/scene_logo_init.rel  [ scene_logo_init ]
C:/tmp/_gbsbuild/obj/scene_logo.rel       [ scene_logo ]
C:/tmp/_gbsbuild/obj/scene_menu_actors.rel
                                          [ scene_menu_actors ]
C:/tmp/_gbsbuild/obj/scene_menu_collisions.rel
                                          [ scene_menu_collisions ]
C:/tmp/_gbsbuild/obj/scene_menu_init.rel  [ scene_menu_init ]
C:/tmp/_gbsbuild/obj/scene_menu_sprites.rel
                                          [ scene_menu_sprites ]
C:/tmp/_gbsbuild/obj/scene_menu.rel       [ scene_menu ]
C:/tmp/_gbsbuild/obj/scene_outside_actors.rel
                                          [ scene_outside_actors ]
C:/tmp/_gbsbuild/obj/scene_outside_collisions.rel
                                          [ scene_outside_collisions ]
C:/tmp/_gbsbuild/obj/scene_outside_init.rel
                                          [ scene_outside_init ]
C:/tmp/_gbsbuild/obj/scene_outside_sprites.rel
                                          [ scene_outside_sprites ]
C:/tmp/_gbsbuild/obj/scene_outside_triggers.rel
                                          [ scene_outside_triggers ]
C:/tmp/_gbsbuild/obj/scene_outside.rel    [ scene_outside ]
C:/tmp/_gbsbuild/obj/scene_stars_actors.rel
                                          [ scene_stars_actors ]
C:/tmp/_gbsbuild/obj/scene_stars_collisions.rel
                                          [ scene_stars_collisions ]
C:/tmp/_gbsbuild/obj/scene_stars_init.rel
                                          [ scene_stars_init ]
C:/tmp/_gbsbuild/obj/scene_stars_sprites.rel
                                          [ scene_stars_sprites ]
C:/tmp/_gbsbuild/obj/scene_stars.rel      [ scene_stars ]
C:/tmp/_gbsbuild/obj/scene_title_screen_collisions.rel
                                          [ scene_title_screen_collisions ]
C:/tmp/_gbsbuild/obj/scene_title_screen_init.rel
                                          [ scene_title_screen_init ]
C:/tmp/_gbsbuild/obj/scene_title_screen.rel
                                          [ scene_title_screen ]
C:/tmp/_gbsbuild/obj/scene_underground_actors.rel
                                          [ scene_underground_actors ]
C:/tmp/_gbsbuild/obj/scene_underground_collisions.rel
                                          [ scene_underground_collisions ]
C:/tmp/_gbsbuild/obj/scene_underground_init.rel
                                          [ scene_underground_init ]
C:/tmp/_gbsbuild/obj/scene_underground_sprites.rel
                                          [ scene_underground_sprites ]
C:/tmp/_gbsbuild/obj/scene_underground_triggers.rel
                                          [ scene_underground_triggers ]
C:/tmp/_gbsbuild/obj/scene_underground.rel
                                          [ scene_underground ]
C:/tmp/_gbsbuild/obj/script_engine_init.rel
                                          [  ]
C:/tmp/_gbsbuild/obj/script_init_menu.rel
                                          [ script_init_menu ]
C:/tmp/_gbsbuild/obj/script_input_0.rel   [ script_input_0 ]
C:/tmp/_gbsbuild/obj/sprite_cat_tileset.rel
                                          [ sprite_cat_tileset ]
C:/tmp/_gbsbuild/obj/sprite_cat.rel       [ sprite_cat ]
C:/tmp/_gbsbuild/obj/sprite_checkbox_tileset.rel
                                          [ sprite_checkbox_tileset ]
C:/tmp/_gbsbuild/obj/sprite_checkbox.rel  [ sprite_checkbox ]
C:/tmp/_gbsbuild/obj/sprite_dog_tileset.rel
                                          [ sprite_dog_tileset ]
C:/tmp/_gbsbuild/obj/sprite_dog.rel       [ sprite_dog ]
C:/tmp/_gbsbuild/obj/sprite_duck_tileset.rel
                                          [ sprite_duck_tileset ]
C:/tmp/_gbsbuild/obj/sprite_duck.rel      [ sprite_duck ]
C:/tmp/_gbsbuild/obj/sprite_fire_tileset.rel
                                          [ sprite_fire_tileset ]
C:/tmp/_gbsbuild/obj/sprite_fire.rel      [ sprite_fire ]
C:/tmp/_gbsbuild/obj/sprite_ice_tileset.rel
                                          [ sprite_ice_tileset ]
C:/tmp/_gbsbuild/obj/sprite_ice.rel       [ sprite_ice ]
C:/tmp/_gbsbuild/obj/sprite_npc001_tileset.rel
                                          [ sprite_npc001_tileset ]
C:/tmp/_gbsbuild/obj/sprite_npc001.rel    [ sprite_npc001 ]
C:/tmp/_gbsbuild/obj/sprite_npc002_tileset.rel
                                          [ sprite_npc002_tileset ]
C:/tmp/_gbsbuild/obj/sprite_npc002.rel    [ sprite_npc002 ]
C:/tmp/_gbsbuild/obj/sprite_npc003_tileset.rel
                                          [ sprite_npc003_tileset ]
C:/tmp/_gbsbuild/obj/sprite_npc003.rel    [ sprite_npc003 ]
C:/tmp/_gbsbuild/obj/sprite_player_tileset.rel
                                          [ sprite_player_tileset ]
C:/tmp/_gbsbuild/obj/sprite_player.rel    [ sprite_player ]
C:/tmp/_gbsbuild/obj/sprite_radio_tileset.rel
                                          [ sprite_radio_tileset ]
C:/tmp/_gbsbuild/obj/sprite_radio.rel     [ sprite_radio ]
C:/tmp/_gbsbuild/obj/sprite_rock_tileset.rel
                                          [ sprite_rock_tileset ]
C:/tmp/_gbsbuild/obj/sprite_rock.rel      [ sprite_rock ]
C:/tmp/_gbsbuild/obj/sprite_sage_tileset.rel
                                          [ sprite_sage_tileset ]
C:/tmp/_gbsbuild/obj/sprite_sage.rel      [ sprite_sage ]
C:/tmp/_gbsbuild/obj/sprite_savepoint_tileset.rel
                                          [ sprite_savepoint_tileset ]
C:/tmp/_gbsbuild/obj/sprite_savepoint.rel
                                          [ sprite_savepoint ]
C:/tmp/_gbsbuild/obj/sprite_signpost_tileset.rel
                                          [ sprite_signpost_tileset ]
C:/tmp/_gbsbuild/obj/sprite_signpost.rel  [ sprite_signpost ]
C:/tmp/_gbsbuild/obj/sprite_torch_tileset.rel
                                          [ sprite_torch_tileset ]
C:/tmp/_gbsbuild/obj/sprite_torch.rel     [ sprite_torch ]
C:/tmp/_gbsbuild/obj/spritesheet_none.rel
                                          [ spritesheet_none ]
C:/tmp/_gbsbuild/obj/trigger_0_interact.rel
                                          [ trigger_0_interact ]
C:/tmp/_gbsbuild/obj/trigger_1_interact.rel
                                          [ trigger_1_interact ]
C:/tmp/_gbsbuild/obj/trigger_2_interact.rel
                                          [ trigger_2_interact ]
C:/tmp/_gbsbuild/obj/trigger_3_interact.rel
                                          [ trigger_3_interact ]
C:/tmp/_gbsbuild/obj/trigger_4_interact.rel
                                          [ trigger_4_interact ]
C:/tmp/_gbsbuild/obj/trigger_5_interact.rel
                                          [ trigger_5_interact ]
C:/tmp/_gbsbuild/obj/main.rel             [ main ]
C:/tmp/_gbsbuild/obj/adventure.rel        [ adventure ]
C:/tmp/_gbsbuild/obj/logo.rel             [ logo ]
C:/tmp/_gbsbuild/obj/platform.rel         [ platform ]
C:/tmp/_gbsbuild/obj/pointnclick.rel      [ pointnclick ]
C:/tmp/_gbsbuild/obj/shmup.rel            [ shmup ]
C:/tmp/_gbsbuild/obj/states_ptrs.rel      [  ]
C:/tmp/_gbsbuild/obj/topdown.rel          [ topdown ]


Libraries Linked                          [ object file ]

C:\tmp/_gbstools/gbdk/lib/gb/gb.lib       [ fill_rect_wi.o ]
C:\tmp/_gbstools/gbdk/lib/sm83/sm83.lib   [ rand.o ]
lib/hUGEDriver.lib                        [ hUGEDriver.o ]
C:\tmp/_gbstools/gbdk/lib/gb/gb.lib       [ sfr.o ]
C:\tmp/_gbstools/gbdk/lib/gb/gb.lib       [ get_data.o ]
C:\tmp/_gbstools/gbdk/lib/gb/gb.lib       [ get_tile.o ]
C:\tmp/_gbstools/gbdk/lib/gb/gb.lib       [ metasprites_hide_spr.o ]
C:\tmp/_gbstools/gbdk/lib/sm83/sm83.lib   [ mul.o ]
C:\tmp/_gbstools/gbdk/lib/gb/gb.lib       [ set_tile.o ]
C:\tmp/_gbstools/gbdk/lib/sm83/sm83.lib   [ abs.o ]
C:\tmp/_gbstools/gbdk/lib/gb/gb.lib       [ set_wi_t.o ]
C:\tmp/_gbstools/gbdk/lib/gb/gb.lib       [ set_data.o ]
C:\tmp/_gbstools/gbdk/lib/sm83/sm83.lib   [ reverse.o ]
C:\tmp/_gbstools/gbdk/lib/gb/gb.lib       [ far_ptr.o ]
C:\tmp/_gbstools/gbdk/lib/gb/gb.lib       [ sgb.o ]
C:\tmp/_gbstools/gbdk/lib/gb/gb.lib       [ lcd.o ]
C:\tmp/_gbstools/gbdk/lib/gb/gb.lib       [ fill_rect.o ]
C:\tmp/_gbstools/gbdk/lib/gb/gb.lib       [ cpy_data.o ]
C:\tmp/_gbstools/gbdk/lib/gb/gb.lib       [ fill_rect_bk.o ]
C:\tmp/_gbstools/gbdk/lib/gb/gb.lib       [ pad.o ]
C:\tmp/_gbstools/gbdk/lib/gb/gb.lib       [ metasprites.o ]
C:\tmp/_gbstools/gbdk/lib/sm83/sm83.lib   [ __sdcc_call_hl.o ]
C:\tmp/_gbstools/gbdk/lib/sm83/sm83.lib   [ memcpy.o ]
C:\tmp/_gbstools/gbdk/lib/sm83/sm83.lib   [ _memset.o ]
C:\tmp/_gbstools/gbdk/lib/gb/gb.lib       [ set_xy_t.o ]
C:\tmp/_gbstools/gbdk/lib/gb/gb.lib       [ ___sdcc_bcall_ehl.o ]
C:\tmp/_gbstools/gbdk/lib/sm83/sm83.lib   [ div.o ]
C:\tmp/_gbstools/gbdk/lib/gb/gb.lib       [ set_bk_t.o ]

ASxxxx Linker V03.00/V05.40 + sdld,  page 65.

User Base Address Definitions

_DATA=0xC0A0
_CODE=0x0200
ASxxxx Linker V03.00/V05.40 + sdld,  page 66.

User Global Definitions

.STACK=0xDF00
_shadow_OAM=0xC000
.refresh_OAM=0xFF80
__start_save=4

